// Jest Snapshot v1, https://goo.gl/fbAQLP

exports[`App component renders the app 1`] = `
<BrowserRouter>
  <Header />
  <Switch>
    <Route
      path="/Home"
    />
    <Route
      component={[Function]}
      path="/red"
    />
    <Route
      component={[Function]}
      path="/blue"
    />
    <Route
      component={[Function]}
      path="/yellow"
    />
  </Switch>
</BrowserRouter>
`;
